BaseGeometry class tests.

# Import the class
>>> BaseGeometry = __import__('7-base_geometry').BaseGeometry
>>> bg = BaseGeometry()

# ----------------------
# Test area() method
# ----------------------
>>> bg.area()
Traceback (most recent call last):
    ...
Exception: area() is not implemented

>>> bg.integer_validator()
Traceback (most recent call last):
    ...
TypeError: integer_validator() missing 2 required positional arguments: 'name' and 'value'

>>> bg.integer_validator('age', 1)

>>> bg.integer_validator('age', 0)
Traceback (most recent call last):
    ...
ValueError: age must be greater than 0

>>> bg.integer_validator('age', '4')
Traceback (most recent call last):
    ...
ValueError: age must be an integer
